// Jest Snapshot v1, https://goo.gl/fbAQLP

exports[`Header Component Show Log Out when has session 1`] = `
<div>
  <h1>
    Home
  </h1>
</div>
`;
